    1  05:27:35.808464432  [|pktap]
    2  05:27:12.808595504  [|ppp_hdlc]
